Aug 30 07:21:02 mingleware kernel: [    0.000000] BIOS-provided physical RAM map:
Aug 30 07:21:02 mingleware kernel: [    0.000000]  BIOS-e820: 0000000000000000 - 000000000009fc00 (usable)
Aug 30 07:21:02 mingleware kernel: [    0.000000]  BIOS-e820: 000000000009fc00 - 00000000000a0000 (reserved)
Aug 30 07:21:02 mingleware kernel: [    0.000000]  BIOS-e820: 00000000000e0000 - 0000000000100000 (reserved)
Aug 30 07:21:02 mingleware kernel: [    0.000000]  BIOS-e820: 0000000000100000 - 000000001df30000 (usable)
Aug 30 07:21:02 mingleware kernel: [    0.000000]  BIOS-e820: 000000001df30000 - 000000001df40000 (ACPI data)
Aug 30 07:21:02 mingleware kernel: [    0.000000]  BIOS-e820: 000000001df40000 - 000000001dff0000 (ACPI NVS)
Aug 30 07:21:02 mingleware kernel: [    0.000000]  BIOS-e820: 000000001dff0000 - 000000001e000000 (reserved)
Aug 30 07:21:02 mingleware kernel: [    0.000000]  BIOS-e820: 00000000ff780000 - 0000000100000000 (reserved)
Aug 30 07:21:02 mingleware kernel: [    0.000000] NX (Execute Disable) protection: active
Aug 30 07:21:02 mingleware kernel: [    0.000000] DMI 2.3 present.
Aug 30 07:21:02 mingleware kernel: [    0.000000] AMI BIOS detected: BIOS may corrupt low RAM, working around it.
Aug 30 07:21:02 mingleware kernel: [    0.000000] last_pfn = 0x1df30 max_arch_pfn = 0x1000000
Aug 30 07:21:02 mingleware kernel: [    0.000000] x86 PAT enabled: cpu 0, old 0x7040600070406, new 0x7010600070106
Aug 30 07:21:02 mingleware kernel: [    0.000000] found SMP MP-table at [c00ff780] ff780
Aug 30 07:21:02 mingleware kernel: [    0.000000] init_memory_mapping: 0000000000000000-000000001df30000
Aug 30 07:21:02 mingleware kernel: [    0.000000] RAMDISK: 1d338000 - 1df20000
Aug 30 07:21:02 mingleware kernel: [    0.000000] ACPI: RSDP 000fb140 00014 (v00 ACPIAM)
Aug 30 07:21:02 mingleware kernel: [    0.000000] ACPI: RSDT 1df30000 00030 (v01 A M I  OEMRSDT  10000514 MSFT 00000097)
Aug 30 07:21:02 mingleware kernel: [    0.000000] ACPI: FACP 1df30200 00081 (v02 A M I  OEMFACP  10000514 MSFT 00000097)
Aug 30 07:21:02 mingleware kernel: [    0.000000] ACPI: DSDT 1df303f0 03D5E (v01  A0253 A0253601 00000601 INTL 02002026)
Aug 30 07:21:02 mingleware kernel: [    0.000000] ACPI: FACS 1df40000 00040
Aug 30 07:21:02 mingleware kernel: [    0.000000] ACPI: APIC 1df30390 00054 (v01 A M I  OEMAPIC  10000514 MSFT 00000097)
Aug 30 07:21:02 mingleware kernel: [    0.000000] ACPI: OEMB 1df40040 00040 (v01 A M I  AMI_OEM  10000514 MSFT 00000097)
Aug 30 07:21:02 mingleware kernel: [    0.000000] 0MB HIGHMEM available.
Aug 30 07:21:02 mingleware kernel: [    0.000000] 479MB LOWMEM available.
Aug 30 07:21:02 mingleware kernel: [    0.000000]   mapped low ram: 0 - 1df30000
Aug 30 07:21:02 mingleware kernel: [    0.000000]   low ram: 0 - 1df30000
Aug 30 07:21:02 mingleware kernel: [    0.000000]   node 0 low ram: 00000000 - 1df30000
Aug 30 07:21:02 mingleware kernel: [    0.000000]   node 0 bootmap 0001c000 - 0001fbe8
Aug 30 07:21:02 mingleware kernel: [    0.000000] (13/32 early reservations) ==> bootmem [0000000000 - 001df30000]
Aug 30 07:21:02 mingleware kernel: [    0.000000]   #0 [0000001000 - 0000002000]    EX TRAMPOLINE ==> [0000001000 - 0000002000]
Aug 30 07:21:02 mingleware kernel: [    0.000000]   #1 [0000400000 - 0000c5e280]    TEXT DATA BSS ==> [0000400000 - 0000c5e280]
Aug 30 07:21:02 mingleware kernel: [    0.000000]   #2 [001d338000 - 001df20000]          RAMDISK ==> [001d338000 - 001df20000]
Aug 30 07:21:02 mingleware kernel: [    0.000000]   #3 [0000c5f000 - 0000c671a0]              BRK ==> [0000c5f000 - 0000c671a0]
Aug 30 07:21:02 mingleware kernel: [    0.000000]   #4 [00000ff790 - 0000100000]    BIOS reserved ==> [00000ff790 - 0000100000]
Aug 30 07:21:02 mingleware kernel: [    0.000000]   #5 [00000ff780 - 00000ff790]     MP-table mpf ==> [00000ff780 - 00000ff790]
Aug 30 07:21:02 mingleware kernel: [    0.000000]   #6 [000009fc00 - 00000f0f20]    BIOS reserved ==> [000009fc00 - 00000f0f20]
Aug 30 07:21:02 mingleware kernel: [    0.000000]   #7 [00000f1040 - 00000ff780]    BIOS reserved ==> [00000f1040 - 00000ff780]
Aug 30 07:21:02 mingleware kernel: [    0.000000]   #8 [00000f0f20 - 00000f1040]     MP-table mpc ==> [00000f0f20 - 00000f1040]
Aug 30 07:21:02 mingleware kernel: [    0.000000]   #9 [0000010000 - 0000011000]       TRAMPOLINE ==> [0000010000 - 0000011000]
Aug 30 07:21:02 mingleware kernel: [    0.000000]   #10 [0000011000 - 0000015000]      ACPI WAKEUP ==> [0000011000 - 0000015000]
Aug 30 07:21:02 mingleware kernel: [    0.000000]   #11 [0000015000 - 000001c000]          PGTABLE ==> [0000015000 - 000001c000]
Aug 30 07:21:02 mingleware kernel: [    0.000000]   #12 [000001c000 - 0000020000]          BOOTMAP ==> [000001c000 - 0000020000]
Aug 30 07:21:02 mingleware kernel: [    0.000000] Zone PFN ranges:
Aug 30 07:21:02 mingleware kernel: [    0.000000]   DMA      0x00000010 -> 0x00001000
Aug 30 07:21:02 mingleware kernel: [    0.000000]   Normal   0x00001000 -> 0x0001df30
Aug 30 07:21:02 mingleware kernel: [    0.000000]   HighMem  empty
Aug 30 07:21:02 mingleware kernel: [    0.000000] Movable zone start PFN for each node
Aug 30 07:21:02 mingleware kernel: [    0.000000] early_node_map[2] active PFN ranges
Aug 30 07:21:02 mingleware kernel: [    0.000000]     0: 0x00000010 -> 0x0000009f
Aug 30 07:21:02 mingleware kernel: [    0.000000]     0: 0x00000100 -> 0x0001df30
Aug 30 07:21:02 mingleware kernel: [    0.000000] Using APIC driver default
Aug 30 07:21:02 mingleware kernel: [    0.000000] ACPI: PM-Timer IO Port: 0x808
Aug 30 07:21:02 mingleware kernel: [    0.000000] ACPI: LAPIC (acpi_id[0x01] lapic_id[0x00] enabled)
Aug 30 07:21:02 mingleware kernel: [    0.000000] ACPI: IOAPIC (id[0x01] address[0xfec00000] gsi_base[0])
Aug 30 07:21:02 mingleware kernel: [    0.000000] IOAPIC[0]: apic_id 1, version 20, address 0xfec00000, GSI 0-23
Aug 30 07:21:02 mingleware kernel: [    0.000000] ACPI: INT_SRC_OVR (bus 0 bus_irq 0 global_irq 2 dfl dfl)
Aug 30 07:21:02 mingleware kernel: [    0.000000] ACPI: INT_SRC_OVR (bus 0 bus_irq 9 global_irq 9 low level)
Aug 30 07:21:02 mingleware kernel: [    0.000000] Using ACPI (MADT) for SMP configuration information
Aug 30 07:21:02 mingleware kernel: [    0.000000] SMP: Allowing 1 CPUs, 0 hotplug CPUs
Aug 30 07:21:02 mingleware kernel: [    0.000000] PM: Registered nosave memory: 000000000009f000 - 00000000000a0000
Aug 30 07:21:02 mingleware kernel: [    0.000000] PM: Registered nosave memory: 00000000000a0000 - 00000000000e0000
Aug 30 07:21:02 mingleware kernel: [    0.000000] PM: Registered nosave memory: 00000000000e0000 - 0000000000100000
Aug 30 07:21:02 mingleware kernel: [    0.000000] Allocating PCI resources starting at 1e000000 (gap: 1e000000:e1780000)
Aug 30 07:21:02 mingleware kernel: [    0.000000] Booting paravirtualized kernel on bare hardware
Aug 30 07:21:02 mingleware kernel: [    0.000000] setup_percpu: NR_CPUS:64 nr_cpumask_bits:64 nr_cpu_ids:1 nr_node_ids:1
Aug 30 07:21:02 mingleware kernel: [    0.000000] PERCPU: Embedded 15 pages/cpu @c1400000 s38464 r0 d22976 u2097152
Aug 30 07:21:02 mingleware kernel: [    0.000000] pcpu-alloc: s38464 r0 d22976 u2097152 alloc=1*2097152
Aug 30 07:21:02 mingleware kernel: [    0.000000] pcpu-alloc: [0] 0 
Aug 30 07:21:02 mingleware kernel: [    0.000000] Built 1 zonelists in Zone order, mobility grouping on.  Total pages: 121600
Aug 30 07:21:02 mingleware kernel: [    0.000000] Kernel command line: ro root=/dev/mapper/vg_6619924918-lv_root rd_LVM_LV=vg_6619924918/lv_root rd_LVM_LV=vg_6619924918/lv_swap rd_NO_LUKS rd_NO_MD rd_NO_DM LANG=en_US.UTF-8 SYSFONT=latarcyrheb-sun16 KEYTABLE=jp106 rhgb quiet
Aug 30 07:21:02 mingleware kernel: [    0.000000] PID hash table entries: 2048 (order: 1, 8192 bytes)
Aug 30 07:21:02 mingleware kernel: [    0.000000] Dentry cache hash table entries: 65536 (order: 6, 262144 bytes)
Aug 30 07:21:02 mingleware kernel: [    0.000000] Inode-cache hash table entries: 32768 (order: 5, 131072 bytes)
Aug 30 07:21:02 mingleware kernel: [    0.000000] Enabling fast FPU save and restore... done.
Aug 30 07:21:02 mingleware kernel: [    0.000000] Enabling unmasked SIMD FPU exception support... done.
Aug 30 07:21:02 mingleware kernel: [    0.000000] Initializing CPU#0
Aug 30 07:21:02 mingleware kernel: [    0.000000] allocated 2453120 bytes of page_cgroup
Aug 30 07:21:02 mingleware kernel: [    0.000000] please try 'cgroup_disable=memory' option if you don't want memory cgroups
Aug 30 07:21:02 mingleware kernel: [    0.000000] Initializing HighMem for node 0 (00000000:00000000)
Aug 30 07:21:02 mingleware kernel: [    0.000000] Memory: 462676k/490688k available (3838k kernel code, 27560k reserved, 2539k data, 564k init, 0k highmem)
Aug 30 07:21:02 mingleware kernel: [    0.000000] virtual kernel memory layout:
Aug 30 07:21:02 mingleware kernel: [    0.000000]     fixmap  : 0xff575000 - 0xfffff000   (10792 kB)
Aug 30 07:21:02 mingleware kernel: [    0.000000]     pkmap   : 0xff200000 - 0xff400000   (2048 kB)
Aug 30 07:21:02 mingleware kernel: [    0.000000]     vmalloc : 0xde730000 - 0xff1fe000   ( 522 MB)
Aug 30 07:21:02 mingleware kernel: [    0.000000]     lowmem  : 0xc0000000 - 0xddf30000   ( 479 MB)
Aug 30 07:21:02 mingleware kernel: [    0.000000]       .init : 0xc0a3b000 - 0xc0ac8000   ( 564 kB)
Aug 30 07:21:02 mingleware kernel: [    0.000000]       .data : 0xc07bf932 - 0xc0a3a920   (2539 kB)
Aug 30 07:21:02 mingleware kernel: [    0.000000]       .text : 0xc0400000 - 0xc07bf932   (3838 kB)
Aug 30 07:21:02 mingleware kernel: [    0.000000] Checking if this processor honours the WP bit even in supervisor mode...Ok.
Aug 30 07:21:02 mingleware kernel: [    0.000000] SLUB: Genslabs=13, HWalign=64, Order=0-3, MinObjects=0, CPUs=1, Nodes=1
Aug 30 07:21:02 mingleware kernel: [    0.000000] Hierarchical RCU implementation.
Aug 30 07:21:02 mingleware kernel: [    0.000000] 	RCU dyntick-idle grace-period acceleration is enabled.
Aug 30 07:21:02 mingleware kernel: [    0.000000] 	RCU-based detection of stalled CPUs is disabled.
Aug 30 07:21:02 mingleware kernel: [    0.000000] 	Verbose stalled-CPUs detection is disabled.
Aug 30 07:21:02 mingleware kernel: [    0.000000] NR_IRQS:2304
Aug 30 07:21:02 mingleware kernel: [    0.000000] Console: colour VGA+ 80x25
Aug 30 07:21:02 mingleware kernel: [    0.000000] console [tty0] enabled
Aug 30 07:21:02 mingleware kernel: [    0.000000] Fast TSC calibration using PIT
Aug 30 07:21:02 mingleware kernel: [    0.000000] Detected 1795.652 MHz processor.
Aug 30 07:21:02 mingleware kernel: [    0.001005] Calibrating delay loop (skipped), value calculated using timer frequency.. 3591.30 BogoMIPS (lpj=1795652)
Aug 30 07:21:02 mingleware kernel: [    0.001012] pid_max: default: 32768 minimum: 301
Aug 30 07:21:02 mingleware kernel: [    0.001040] Security Framework initialized
Aug 30 07:21:02 mingleware kernel: [    0.001054] SELinux:  Initializing.
Aug 30 07:21:02 mingleware kernel: [    0.001153] Mount-cache hash table entries: 512
Aug 30 07:21:02 mingleware kernel: [    0.001335] Initializing cgroup subsys ns
Aug 30 07:21:02 mingleware kernel: [    0.001341] Initializing cgroup subsys cpuacct
Aug 30 07:21:02 mingleware kernel: [    0.001348] Initializing cgroup subsys memory
Aug 30 07:21:02 mingleware kernel: [    0.001360] Initializing cgroup subsys devices
Aug 30 07:21:02 mingleware kernel: [    0.001364] Initializing cgroup subsys freezer
Aug 30 07:21:02 mingleware kernel: [    0.001367] Initializing cgroup subsys net_cls
Aug 30 07:21:02 mingleware kernel: [    0.001370] Initializing cgroup subsys blkio
Aug 30 07:21:02 mingleware kernel: [    0.001409] mce: CPU supports 5 MCE banks
Aug 30 07:21:02 mingleware kernel: [    0.001430] Performance Events: AMD PMU driver.
Aug 30 07:21:02 mingleware kernel: [    0.001436] ... version:                0
Aug 30 07:21:02 mingleware kernel: [    0.001439] ... bit width:              48
Aug 30 07:21:02 mingleware kernel: [    0.001441] ... generic registers:      4
Aug 30 07:21:02 mingleware kernel: [    0.001444] ... value mask:             0000ffffffffffff
Aug 30 07:21:02 mingleware kernel: [    0.001447] ... max period:             00007fffffffffff
Aug 30 07:21:02 mingleware kernel: [    0.001449] ... fixed-purpose events:   0
Aug 30 07:21:02 mingleware kernel: [    0.001452] ... event mask:             000000000000000f
Aug 30 07:21:02 mingleware kernel: [    0.001628] SMP alternatives: switching to UP code
Aug 30 07:21:02 mingleware kernel: [    0.005320] Freeing SMP alternatives: 12k freed
Aug 30 07:21:02 mingleware kernel: [    0.005333] ACPI: Core revision 20100428
Aug 30 07:21:02 mingleware kernel: [    0.010786] ftrace: converting mcount calls to 0f 1f 44 00 00
Aug 30 07:21:02 mingleware kernel: [    0.010794] ftrace: allocating 23592 entries in 47 pages
Aug 30 07:21:02 mingleware kernel: [    0.012121] Enabling APIC mode:  Flat.  Using 1 I/O APICs
Aug 30 07:21:02 mingleware kernel: [    0.013300] ..TIMER: vector=0x30 apic1=0 pin1=2 apic2=-1 pin2=-1
Aug 30 07:21:02 mingleware kernel: [    0.023311] CPU0: AMD Sempron(tm) Processor 3100+ stepping 00
Aug 30 07:21:02 mingleware kernel: [    0.023999] Brought up 1 CPUs
Aug 30 07:21:02 mingleware kernel: [    0.023999] Total of 1 processors activated (3591.30 BogoMIPS).
Aug 30 07:21:02 mingleware kernel: [    0.023999] devtmpfs: initialized
Aug 30 07:21:02 mingleware kernel: [    0.025152] atomic64 test passed for i586+ platform with CX8 and with SSE
Aug 30 07:21:02 mingleware kernel: [    0.025186] Time: 22:20:39  Date: 08/29/11
Aug 30 07:21:02 mingleware kernel: [    0.025240] NET: Registered protocol family 16
Aug 30 07:21:02 mingleware kernel: [    0.025376] TOM: 0000000020000000 aka 512M
Aug 30 07:21:02 mingleware kernel: [    0.025418] ACPI: bus type pci registered
Aug 30 07:21:02 mingleware kernel: [    0.026345] PCI: PCI BIOS revision 2.10 entry at 0xf0031, last bus=3
Aug 30 07:21:02 mingleware kernel: [    0.026348] PCI: Using configuration type 1 for base access
Aug 30 07:21:02 mingleware kernel: [    0.028067] bio: create slab <bio-0> at 0
Aug 30 07:21:02 mingleware kernel: [    0.030058] ACPI: Executed 1 blocks of module-level executable AML code
Aug 30 07:21:02 mingleware kernel: [    0.035951] ACPI: Interpreter enabled
Aug 30 07:21:02 mingleware kernel: [    0.035957] ACPI: (supports S0 S1 S3 S4 S5)
Aug 30 07:21:02 mingleware kernel: [    0.035982] ACPI: Using IOAPIC for interrupt routing
Aug 30 07:21:02 mingleware kernel: [    0.044120] ACPI Warning: Incorrect checksum in table [OEMB] - 0x0E, should be 0xFF (20100428/tbutils-314)
Aug 30 07:21:02 mingleware kernel: [    0.044243] ACPI: No dock devices found.
Aug 30 07:21:02 mingleware kernel: [    0.044248] PCI: Ignoring host bridge windows from ACPI; if necessary, use "pci=use_crs" and report a bug
Aug 30 07:21:02 mingleware kernel: [    0.044363] ACPI: PCI Root Bridge [PCI0] (domain 0000 [bus 00-ff])
Aug 30 07:21:02 mingleware kernel: [    0.045365] pci 0000:00:01.0: PCI bridge to [bus 01-01]
Aug 30 07:21:02 mingleware kernel: [    0.045423] pci 0000:00:06.0: PCI bridge to [bus 02-02]
Aug 30 07:21:02 mingleware kernel: [    0.045485] pci 0000:00:07.0: PCI bridge to [bus 03-03]
Aug 30 07:21:02 mingleware kernel: [    0.054950] ACPI: PCI Interrupt Link [LNKA] (IRQs 3 4 5 7 10 11 12 14 15) *0, disabled.
Aug 30 07:21:02 mingleware kernel: [    0.055067] ACPI: PCI Interrupt Link [LNKB] (IRQs 3 4 5 7 10 *11 12 14 15)
Aug 30 07:21:02 mingleware kernel: [    0.055183] ACPI: PCI Interrupt Link [LNKC] (IRQs 3 4 *5 7 10 11 12 14 15)
Aug 30 07:21:02 mingleware kernel: [    0.055290] ACPI: PCI Interrupt Link [LNKD] (IRQs 3 4 5 7 *10 11 12 14 15)
Aug 30 07:21:02 mingleware kernel: [    0.055398] ACPI: PCI Interrupt Link [LNKE] (IRQs 3 4 5 7 *10 11 12 14 15)
Aug 30 07:21:02 mingleware kernel: [    0.055506] ACPI: PCI Interrupt Link [LNKF] (IRQs 3 4 *5 7 10 11 12 14 15)
Aug 30 07:21:02 mingleware kernel: [    0.055614] ACPI: PCI Interrupt Link [LNKG] (IRQs 3 4 5 7 *10 11 12 14 15)
Aug 30 07:21:02 mingleware kernel: [    0.055725] ACPI: PCI Interrupt Link [LNKH] (IRQs 3 4 *5 7 10 11 12 14 15)
Aug 30 07:21:02 mingleware kernel: [    0.055773] HEST: Table is not found!
Aug 30 07:21:02 mingleware kernel: [    0.055878] vgaarb: device added: PCI:0000:01:00.0,decodes=io+mem,owns=io+mem,locks=none
Aug 30 07:21:02 mingleware kernel: [    0.055882] vgaarb: loaded
Aug 30 07:21:02 mingleware kernel: [    0.056019] SCSI subsystem initialized
Aug 30 07:21:02 mingleware kernel: [    0.056192] usbcore: registered new interface driver usbfs
Aug 30 07:21:02 mingleware kernel: [    0.056218] usbcore: registered new interface driver hub
Aug 30 07:21:02 mingleware kernel: [    0.056254] usbcore: registered new device driver usb
Aug 30 07:21:02 mingleware kernel: [    0.056345] PCI: Using ACPI for IRQ routing
Aug 30 07:21:02 mingleware kernel: [    0.056551] NetLabel: Initializing
Aug 30 07:21:02 mingleware kernel: [    0.056554] NetLabel:  domain hash size = 128
Aug 30 07:21:02 mingleware kernel: [    0.056556] NetLabel:  protocols = UNLABELED CIPSOv4
Aug 30 07:21:02 mingleware kernel: [    0.056572] NetLabel:  unlabeled traffic allowed by default
Aug 30 07:21:02 mingleware kernel: [    0.056679] Switching to clocksource tsc
Aug 30 07:21:02 mingleware kernel: [    0.071419] pnp: PnP ACPI init
Aug 30 07:21:02 mingleware kernel: [    0.071447] ACPI: bus type pnp registered
Aug 30 07:21:02 mingleware kernel: [    0.076081] pnp: PnP ACPI: found 12 devices
Aug 30 07:21:02 mingleware kernel: [    0.076083] ACPI: ACPI bus type pnp unregistered
Aug 30 07:21:02 mingleware kernel: [    0.076101] system 00:0a: [io  0x0290-0x0297] has been reserved
Aug 30 07:21:02 mingleware kernel: [    0.076109] system 00:0b: [io  0x0480-0x048f] has been reserved
Aug 30 07:21:02 mingleware kernel: [    0.076113] system 00:0b: [io  0x04d0-0x04d1] has been reserved
Aug 30 07:21:02 mingleware kernel: [    0.076116] system 00:0b: [io  0x0800-0x08cf] has been reserved
Aug 30 07:21:02 mingleware kernel: [    0.076120] system 00:0b: [io  0x08d0-0x08ff] has been reserved
Aug 30 07:21:02 mingleware kernel: [    0.076126] system 00:0b: [mem 0xfff80000-0xffffffff] has been reserved
Aug 30 07:21:02 mingleware kernel: [    0.076130] system 00:0b: [mem 0xffee0000-0xffefffff] has been reserved
Aug 30 07:21:02 mingleware kernel: [    0.076134] system 00:0b: [mem 0xfee00400-0xfee00fff] has been reserved
Aug 30 07:21:02 mingleware kernel: [    0.113025] pci 0000:00:01.0: PCI bridge to [bus 01-01]
Aug 30 07:21:02 mingleware kernel: [    0.113032] pci 0000:00:01.0:   bridge window [io  0xc000-0xcfff]
Aug 30 07:21:02 mingleware kernel: [    0.113038] pci 0000:00:01.0:   bridge window [mem 0xfbf00000-0xfbffffff]
Aug 30 07:21:02 mingleware kernel: [    0.113043] pci 0000:00:01.0:   bridge window [mem 0xe8000000-0xf3ffffff pref]
Aug 30 07:21:02 mingleware kernel: [    0.113049] pci 0000:00:06.0: PCI bridge to [bus 02-02]
Aug 30 07:21:02 mingleware kernel: [    0.113053] pci 0000:00:06.0:   bridge window [io  0xd000-0xdfff]
Aug 30 07:21:02 mingleware kernel: [    0.113057] pci 0000:00:06.0:   bridge window [mem disabled]
Aug 30 07:21:02 mingleware kernel: [    0.113061] pci 0000:00:06.0:   bridge window [mem pref disabled]
Aug 30 07:21:02 mingleware kernel: [    0.113067] pci 0000:00:07.0: PCI bridge to [bus 03-03]
Aug 30 07:21:02 mingleware kernel: [    0.113070] pci 0000:00:07.0:   bridge window [io  0xe000-0xefff]
Aug 30 07:21:02 mingleware kernel: [    0.113075] pci 0000:00:07.0:   bridge window [mem disabled]
Aug 30 07:21:02 mingleware kernel: [    0.113079] pci 0000:00:07.0:   bridge window [mem pref disabled]
Aug 30 07:21:02 mingleware kernel: [    0.113180] NET: Registered protocol family 2
Aug 30 07:21:02 mingleware kernel: [    0.113238] IP route cache hash table entries: 4096 (order: 2, 16384 bytes)
Aug 30 07:21:02 mingleware kernel: [    0.113374] TCP established hash table entries: 16384 (order: 5, 131072 bytes)
Aug 30 07:21:02 mingleware kernel: [    0.113491] TCP bind hash table entries: 16384 (order: 5, 131072 bytes)
Aug 30 07:21:02 mingleware kernel: [    0.113608] TCP: Hash tables configured (established 16384 bind 16384)
Aug 30 07:21:02 mingleware kernel: [    0.113611] TCP reno registered
Aug 30 07:21:02 mingleware kernel: [    0.113615] UDP hash table entries: 256 (order: 1, 8192 bytes)
Aug 30 07:21:02 mingleware kernel: [    0.113626] UDP-Lite hash table entries: 256 (order: 1, 8192 bytes)
Aug 30 07:21:02 mingleware kernel: [    0.113719] NET: Registered protocol family 1
Aug 30 07:21:02 mingleware kernel: [    0.113905] Trying to unpack rootfs image as initramfs...
Aug 30 07:21:02 mingleware kernel: [    0.556875] Freeing initrd memory: 12192k freed
Aug 30 07:21:02 mingleware kernel: [    0.570695] apm: BIOS version 1.2 Flags 0x03 (Driver version 1.16ac)
Aug 30 07:21:02 mingleware kernel: [    0.570700] apm: overridden by ACPI.
Aug 30 07:21:02 mingleware kernel: [    0.570888] audit: initializing netlink socket (disabled)
Aug 30 07:21:02 mingleware kernel: [    0.570909] type=2000 audit(1314656439.569:1): initialized
Aug 30 07:21:02 mingleware kernel: [    0.588972] HugeTLB registered 2 MB page size, pre-allocated 0 pages
Aug 30 07:21:02 mingleware kernel: [    0.590889] VFS: Disk quotas dquot_6.5.2
Aug 30 07:21:02 mingleware kernel: [    0.590953] Dquot-cache hash table entries: 1024 (order 0, 4096 bytes)
Aug 30 07:21:02 mingleware kernel: [    0.591610] msgmni has been set to 927
Aug 30 07:21:02 mingleware kernel: [    0.592080] alg: No test for stdrng (krng)
Aug 30 07:21:02 mingleware kernel: [    0.592177] Block layer SCSI generic (bsg) driver version 0.4 loaded (major 253)
Aug 30 07:21:02 mingleware kernel: [    0.592181] io scheduler noop registered
Aug 30 07:21:02 mingleware kernel: [    0.592184] io scheduler deadline registered
Aug 30 07:21:02 mingleware kernel: [    0.592200] io scheduler cfq registered (default)
Aug 30 07:21:02 mingleware kernel: [    0.592450] pci_hotplug: PCI Hot Plug PCI Core version: 0.5
Aug 30 07:21:02 mingleware kernel: [    0.592484] pciehp: PCI Express Hot Plug Controller Driver version: 0.4
Aug 30 07:21:02 mingleware kernel: [    0.592487] acpiphp: ACPI Hot Plug PCI Controller Driver version: 0.5
Aug 30 07:21:02 mingleware kernel: [    0.592703] pci-stub: invalid id string ""
Aug 30 07:21:02 mingleware kernel: [    0.592978] input: Power Button as /devices/LNXSYSTM:00/LNXSYBUS:00/PNP0C0C:00/input/input0
Aug 30 07:21:02 mingleware kernel: [    0.592984] ACPI: Power Button [PWRB]
Aug 30 07:21:02 mingleware kernel: [    0.593066] input: Power Button as /devices/LNXSYSTM:00/LNXPWRBN:00/input/input1
Aug 30 07:21:02 mingleware kernel: [    0.593070] ACPI: Power Button [PWRF]
Aug 30 07:21:02 mingleware kernel: [    0.596751] ERST: Table is not found!
Aug 30 07:21:02 mingleware kernel: [    0.596805] isapnp: Scanning for PnP cards...
Aug 30 07:21:02 mingleware kernel: [    0.952944] isapnp: No Plug & Play device found
Aug 30 07:21:02 mingleware kernel: [    0.953248] Non-volatile memory driver v1.3
Aug 30 07:21:02 mingleware kernel: [    0.953251] Linux agpgart interface v0.103
Aug 30 07:21:02 mingleware kernel: [    0.953316] agpgart-amd64 0000:00:00.0: AGP bridge [1039/0760]
Aug 30 07:21:02 mingleware kernel: [    0.955570] agpgart-amd64 0000:00:00.0: AGP aperture is 64M @ 0xf4000000
Aug 30 07:21:02 mingleware kernel: [    0.955717] Serial: 8250/16550 driver, 4 ports, IRQ sharing enabled
Aug 30 07:21:02 mingleware kernel: [    1.201221] serial8250: ttyS0 at I/O 0x3f8 (irq = 4) is a 16550A
Aug 30 07:21:02 mingleware kernel: [    1.445219] serial8250: ttyS1 at I/O 0x2f8 (irq = 3) is a 16550A
Aug 30 07:21:02 mingleware kernel: [    1.445582] 00:06: ttyS0 at I/O 0x3f8 (irq = 4) is a 16550A
Aug 30 07:21:02 mingleware kernel: [    1.445721] 00:07: ttyS1 at I/O 0x2f8 (irq = 3) is a 16550A
Aug 30 07:21:02 mingleware kernel: [    1.447393] brd: module loaded
Aug 30 07:21:02 mingleware kernel: [    1.448174] loop: module loaded
Aug 30 07:21:02 mingleware kernel: [    1.448388] Fixed MDIO Bus: probed
Aug 30 07:21:02 mingleware kernel: [    1.448466] ehci_hcd: USB 2.0 'Enhanced' Host Controller (EHCI) Driver
Aug 30 07:21:02 mingleware kernel: [    1.448504] ehci_hcd 0000:00:03.3: PCI INT D -> GSI 23 (level, low) -> IRQ 23
Aug 30 07:21:02 mingleware kernel: [    1.448530] ehci_hcd 0000:00:03.3: EHCI Host Controller
Aug 30 07:21:02 mingleware kernel: [    1.448601] ehci_hcd 0000:00:03.3: new USB bus registered, assigned bus number 1
Aug 30 07:21:02 mingleware kernel: [    1.448664] ehci_hcd 0000:00:03.3: irq 23, io mem 0xfbeff000
Aug 30 07:21:02 mingleware kernel: [    1.454017] ehci_hcd 0000:00:03.3: USB 2.0 started, EHCI 1.00
Aug 30 07:21:02 mingleware kernel: [    1.454049] usb usb1: New USB device found, idVendor=1d6b, idProduct=0002
Aug 30 07:21:02 mingleware kernel: [    1.454052] usb usb1: New USB device strings: Mfr=3, Product=2, SerialNumber=1
Aug 30 07:21:02 mingleware kernel: [    1.454056] usb usb1: Product: EHCI Host Controller
Aug 30 07:21:02 mingleware kernel: [    1.454058] usb usb1: Manufacturer: Linux 2.6.35.11-83.fc14.i686.PAE ehci_hcd
Aug 30 07:21:02 mingleware kernel: [    1.454061] usb usb1: SerialNumber: 0000:00:03.3
Aug 30 07:21:02 mingleware kernel: [    1.454198] hub 1-0:1.0: USB hub found
Aug 30 07:21:02 mingleware kernel: [    1.454205] hub 1-0:1.0: 8 ports detected
Aug 30 07:21:02 mingleware kernel: [    1.454302] ohci_hcd: USB 1.1 'Open' Host Controller (OHCI) Driver
Aug 30 07:21:02 mingleware kernel: [    1.454324] ohci_hcd 0000:00:03.0: PCI INT A -> GSI 20 (level, low) -> IRQ 20
Aug 30 07:21:02 mingleware kernel: [    1.454340] ohci_hcd 0000:00:03.0: OHCI Host Controller
Aug 30 07:21:02 mingleware kernel: [    1.454397] ohci_hcd 0000:00:03.0: new USB bus registered, assigned bus number 2
Aug 30 07:21:02 mingleware kernel: [    1.454425] ohci_hcd 0000:00:03.0: irq 20, io mem 0xfbefc000
Aug 30 07:21:02 mingleware kernel: [    1.507035] usb usb2: New USB device found, idVendor=1d6b, idProduct=0001
Aug 30 07:21:02 mingleware kernel: [    1.507039] usb usb2: New USB device strings: Mfr=3, Product=2, SerialNumber=1
Aug 30 07:21:02 mingleware kernel: [    1.507042] usb usb2: Product: OHCI Host Controller
Aug 30 07:21:02 mingleware kernel: [    1.507044] usb usb2: Manufacturer: Linux 2.6.35.11-83.fc14.i686.PAE ohci_hcd
Aug 30 07:21:02 mingleware kernel: [    1.507047] usb usb2: SerialNumber: 0000:00:03.0
Aug 30 07:21:02 mingleware kernel: [    1.507165] hub 2-0:1.0: USB hub found
Aug 30 07:21:02 mingleware kernel: [    1.507172] hub 2-0:1.0: 3 ports detected
Aug 30 07:21:02 mingleware kernel: [    1.507252] ohci_hcd 0000:00:03.1: PCI INT B -> GSI 21 (level, low) -> IRQ 21
Aug 30 07:21:02 mingleware kernel: [    1.507264] ohci_hcd 0000:00:03.1: OHCI Host Controller
Aug 30 07:21:02 mingleware kernel: [    1.507317] ohci_hcd 0000:00:03.1: new USB bus registered, assigned bus number 3
Aug 30 07:21:02 mingleware kernel: [    1.507340] ohci_hcd 0000:00:03.1: irq 21, io mem 0xfbefd000
Aug 30 07:21:02 mingleware kernel: [    1.560031] usb usb3: New USB device found, idVendor=1d6b, idProduct=0001
Aug 30 07:21:02 mingleware kernel: [    1.560035] usb usb3: New USB device strings: Mfr=3, Product=2, SerialNumber=1
Aug 30 07:21:02 mingleware kernel: [    1.560038] usb usb3: Product: OHCI Host Controller
Aug 30 07:21:02 mingleware kernel: [    1.560040] usb usb3: Manufacturer: Linux 2.6.35.11-83.fc14.i686.PAE ohci_hcd
Aug 30 07:21:02 mingleware kernel: [    1.560043] usb usb3: SerialNumber: 0000:00:03.1
Aug 30 07:21:02 mingleware kernel: [    1.560161] hub 3-0:1.0: USB hub found
Aug 30 07:21:02 mingleware kernel: [    1.560168] hub 3-0:1.0: 3 ports detected
Aug 30 07:21:02 mingleware kernel: [    1.560237] ohci_hcd 0000:00:03.2: PCI INT C -> GSI 22 (level, low) -> IRQ 22
Aug 30 07:21:02 mingleware kernel: [    1.560249] ohci_hcd 0000:00:03.2: OHCI Host Controller
Aug 30 07:21:02 mingleware kernel: [    1.560305] ohci_hcd 0000:00:03.2: new USB bus registered, assigned bus number 4
Aug 30 07:21:02 mingleware kernel: [    1.560330] ohci_hcd 0000:00:03.2: irq 22, io mem 0xfbefe000
Aug 30 07:21:02 mingleware kernel: [    1.613031] usb usb4: New USB device found, idVendor=1d6b, idProduct=0001
Aug 30 07:21:02 mingleware kernel: [    1.613035] usb usb4: New USB device strings: Mfr=3, Product=2, SerialNumber=1
Aug 30 07:21:02 mingleware kernel: [    1.613038] usb usb4: Product: OHCI Host Controller
Aug 30 07:21:02 mingleware kernel: [    1.613041] usb usb4: Manufacturer: Linux 2.6.35.11-83.fc14.i686.PAE ohci_hcd
Aug 30 07:21:02 mingleware kernel: [    1.613044] usb usb4: SerialNumber: 0000:00:03.2
Aug 30 07:21:02 mingleware kernel: [    1.613180] hub 4-0:1.0: USB hub found
Aug 30 07:21:02 mingleware kernel: [    1.613188] hub 4-0:1.0: 2 ports detected
Aug 30 07:21:02 mingleware kernel: [    1.613264] uhci_hcd: USB Universal Host Controller Interface driver
Aug 30 07:21:02 mingleware kernel: [    1.613374] PNP: PS/2 Controller [PNP0303:PS2K] at 0x60,0x64 irq 1
Aug 30 07:21:02 mingleware kernel: [    1.613377] PNP: PS/2 appears to have AUX port disabled, if this is incorrect please boot with i8042.nopnp
Aug 30 07:21:02 mingleware kernel: [    1.613518] serio: i8042 KBD port at 0x60,0x64 irq 1
Aug 30 07:21:02 mingleware kernel: [    1.613618] mice: PS/2 mouse device common for all mice
Aug 30 07:21:02 mingleware kernel: [    1.613822] rtc_cmos 00:02: RTC can wake from S4
Aug 30 07:21:02 mingleware kernel: [    1.613877] rtc_cmos 00:02: rtc core: registered rtc_cmos as rtc0
Aug 30 07:21:02 mingleware kernel: [    1.613900] rtc0: alarms up to one month, 114 bytes nvram
Aug 30 07:21:02 mingleware kernel: [    1.614053] device-mapper: uevent: version 1.0.3
Aug 30 07:21:02 mingleware kernel: [    1.614182] device-mapper: ioctl: 4.19.1-ioctl (2010-10-12) initialised: dm-devel@redhat.com
Aug 30 07:21:02 mingleware kernel: [    1.614289] cpuidle: using governor ladder
Aug 30 07:21:02 mingleware kernel: [    1.614292] cpuidle: using governor menu
Aug 30 07:21:02 mingleware kernel: [    1.614577] usbcore: registered new interface driver hiddev
Aug 30 07:21:02 mingleware kernel: [    1.614596] usbcore: registered new interface driver usbhid
Aug 30 07:21:02 mingleware kernel: [    1.614598] usbhid: USB HID core driver
Aug 30 07:21:02 mingleware kernel: [    1.614625] nf_conntrack version 0.5.0 (7420 buckets, 29680 max)
Aug 30 07:21:02 mingleware kernel: [    1.614773] CONFIG_NF_CT_ACCT is deprecated and will be removed soon. Please use
Aug 30 07:21:02 mingleware kernel: [    1.614776] nf_conntrack.acct=1 kernel parameter, acct=1 nf_conntrack module option or
Aug 30 07:21:02 mingleware kernel: [    1.614779] sysctl net.netfilter.nf_conntrack_acct=1 to enable it.
Aug 30 07:21:02 mingleware kernel: [    1.614876] ip_tables: (C) 2000-2006 Netfilter Core Team
Aug 30 07:21:02 mingleware kernel: [    1.614894] TCP cubic registered
Aug 30 07:21:02 mingleware kernel: [    1.614897] Initializing XFRM netlink socket
Aug 30 07:21:02 mingleware kernel: [    1.614912] NET: Registered protocol family 17
Aug 30 07:21:02 mingleware kernel: [    1.614950] Using IPI No-Shortcut mode
Aug 30 07:21:02 mingleware kernel: [    1.615122] registered taskstats version 1
Aug 30 07:21:02 mingleware kernel: [    1.615303]   Magic number: 7:797:351
Aug 30 07:21:02 mingleware kernel: [    1.615393] rtc_cmos 00:02: setting system clock to 2011-08-29 22:20:41 UTC (1314656441)
Aug 30 07:21:02 mingleware kernel: [    1.615422] Initalizing network drop monitor service
Aug 30 07:21:02 mingleware kernel: [    1.615496] Freeing unused kernel memory: 564k freed
Aug 30 07:21:02 mingleware kernel: [    1.616188] Write protecting the kernel text: 3840k
Aug 30 07:21:02 mingleware kernel: [    1.616278] Write protecting the kernel read-only data: 1864k
Aug 30 07:21:02 mingleware kernel: [    1.630645] input: AT Translated Set 2 keyboard as /devices/platform/i8042/serio0/input/input2
Aug 30 07:21:02 mingleware kernel: [    1.636597] dracut: dracut-006-6.fc14
Aug 30 07:21:02 mingleware kernel: [    1.645071] dracut: rd_NO_LUKS: removing cryptoluks activation
Aug 30 07:21:02 mingleware kernel: [    1.660239] udev[64]: starting version 161
Aug 30 07:21:02 mingleware kernel: [    1.718496] dracut: Starting plymouth daemon
Aug 30 07:21:02 mingleware kernel: [    1.742476] dracut: rd_NO_DM: removing DM RAID activation
Aug 30 07:21:02 mingleware kernel: [    1.747103] dracut: rd_NO_MD: removing MD RAID activation
Aug 30 07:21:02 mingleware kernel: [    1.925193] scsi0 : pata_sis
Aug 30 07:21:02 mingleware kernel: [    1.969868] scsi1 : pata_sis
Aug 30 07:21:02 mingleware kernel: [    1.970720] ata1: PATA max UDMA/133 cmd 0x1f0 ctl 0x3f6 bmdma 0xffa0 irq 14
Aug 30 07:21:02 mingleware kernel: [    1.970724] ata2: PATA max UDMA/133 cmd 0x170 ctl 0x376 bmdma 0xffa8 irq 15
Aug 30 07:21:02 mingleware kernel: [    2.168371] ata1.00: ATA-7: Maxtor 6E040L0, NAR61590, max UDMA/133
Aug 30 07:21:02 mingleware kernel: [    2.168377] ata1.00: 80293248 sectors, multi 16: LBA 
Aug 30 07:21:02 mingleware kernel: [    2.174371] ata1.00: configured for UDMA/133
Aug 30 07:21:02 mingleware kernel: [    2.174514] scsi 0:0:0:0: Direct-Access     ATA      Maxtor 6E040L0   NAR6 PQ: 0 ANSI: 5
Aug 30 07:21:02 mingleware kernel: [    2.174742] sd 0:0:0:0: Attached scsi generic sg0 type 0
Aug 30 07:21:02 mingleware kernel: [    2.175172] sd 0:0:0:0: [sda] 80293248 512-byte logical blocks: (41.1 GB/38.2 GiB)
Aug 30 07:21:02 mingleware kernel: [    2.175237] sd 0:0:0:0: [sda] Write Protect is off
Aug 30 07:21:02 mingleware kernel: [    2.175268] sd 0:0:0:0: [sda] Write cache: disabled, read cache: enabled, doesn't support DPO or FUA
Aug 30 07:21:02 mingleware kernel: [    2.175923]  sda: sda1 sda2
Aug 30 07:21:02 mingleware kernel: [    2.182414] sd 0:0:0:0: [sda] Attached SCSI disk
Aug 30 07:21:02 mingleware kernel: [    2.364238] ata2.00: ATAPI: BENQ    CD-ROM 656M, F.EE, max UDMA/33
Aug 30 07:21:02 mingleware kernel: [    2.405247] ata2.00: configured for UDMA/33
Aug 30 07:21:02 mingleware kernel: [    2.413647] scsi 1:0:0:0: CD-ROM            BENQ     CD-ROM 656M      F.EE PQ: 0 ANSI: 5
Aug 30 07:21:02 mingleware kernel: [    2.419217] sr0: scsi3-mmc drive: 4x/56x cd/rw xa/form2 cdda tray
Aug 30 07:21:02 mingleware kernel: [    2.419222] Uniform CD-ROM driver Revision: 3.20
Aug 30 07:21:02 mingleware kernel: [    2.419482] sr 1:0:0:0: Attached scsi generic sg1 type 5
Aug 30 07:21:02 mingleware kernel: [    2.425156] pata_acpi 0000:00:05.0: PCI INT A -> GSI 17 (level, low) -> IRQ 17
Aug 30 07:21:02 mingleware kernel: [    2.425213] pata_acpi 0000:00:05.0: PCI INT A disabled
Aug 30 07:21:02 mingleware kernel: [    2.431662] sata_sis 0000:00:05.0: version 1.0
Aug 30 07:21:02 mingleware kernel: [    2.431677] sata_sis 0000:00:05.0: PCI INT A -> GSI 17 (level, low) -> IRQ 17
Aug 30 07:21:02 mingleware kernel: [    2.431683] sata_sis 0000:00:05.0: Detected SiS 182/965L chipset
Aug 30 07:21:02 mingleware kernel: [    2.434048] scsi2 : sata_sis
Aug 30 07:21:02 mingleware kernel: [    2.434305] scsi3 : sata_sis
Aug 30 07:21:02 mingleware kernel: [    2.434603] ata3: SATA max UDMA/133 cmd 0xa800 ctl 0xa400 bmdma 0x9400 irq 17
Aug 30 07:21:02 mingleware kernel: [    2.434607] ata4: SATA max UDMA/133 cmd 0xa000 ctl 0x9800 bmdma 0x9408 irq 17
Aug 30 07:21:02 mingleware kernel: [    2.749648] ata3: SATA link down (SStatus 0 SControl 300)
Aug 30 07:21:02 mingleware kernel: [    3.064641] ata4: SATA link down (SStatus 0 SControl 300)
Aug 30 07:21:02 mingleware kernel: [    3.097683] dracut: Scanning devices sda2  for LVM logical volumes vg_6619924918/lv_root vg_6619924918/lv_swap 
Aug 30 07:21:02 mingleware kernel: [    3.132431] dracut: inactive '/dev/vg_6619924918/lv_root' [36.84 GiB] inherit
Aug 30 07:21:02 mingleware kernel: [    3.132532] dracut: inactive '/dev/vg_6619924918/lv_swap' [960.00 MiB] inherit
Aug 30 07:21:02 mingleware kernel: [    3.803160] EXT4-fs (dm-0): INFO: recovery required on readonly filesystem
Aug 30 07:21:02 mingleware kernel: [    3.803167] EXT4-fs (dm-0): write access will be enabled during recovery
Aug 30 07:21:02 mingleware kernel: [    8.462121] EXT4-fs (dm-0): recovery complete
Aug 30 07:21:02 mingleware kernel: [    8.511795] EXT4-fs (dm-0): mounted filesystem with ordered data mode. Opts: (null)
Aug 30 07:21:02 mingleware kernel: [    8.612953] dracut: Mounted root filesystem /dev/mapper/vg_6619924918-lv_root
Aug 30 07:21:02 mingleware kernel: [    8.761204] dracut: Loading SELinux policy
Aug 30 07:21:02 mingleware kernel: [    9.119791] type=1404 audit(1314656449.002:2): enforcing=1 old_enforcing=0 auid=4294967295 ses=4294967295
Aug 30 07:21:02 mingleware kernel: [    9.942318] type=1403 audit(1314656449.825:3): policy loaded auid=4294967295 ses=4294967295
Aug 30 07:21:02 mingleware kernel: [   10.796196] dracut: Switching root
Aug 30 07:21:02 mingleware kernel: [   12.957056] udev[370]: starting version 161
Aug 30 07:21:02 mingleware kernel: [   13.639402] microcode: microcode: CPU0: AMD CPU family 0xf not supported
Aug 30 07:21:02 mingleware kernel: [   13.639500] microcode: Microcode Update Driver: v2.00 <tigran@aivazian.fsnet.co.uk>, Peter Oruba
Aug 30 07:21:02 mingleware kernel: [   13.800642] sis190: sis190 Gigabit Ethernet driver 1.4 loaded
Aug 30 07:21:02 mingleware kernel: [   13.800674] sis190 0000:00:04.0: PCI INT A -> GSI 19 (level, low) -> IRQ 19
Aug 30 07:21:02 mingleware kernel: [   13.800712] sis190: 0000:00:04.0: Read MAC address from EEPROM
Aug 30 07:21:02 mingleware kernel: [   13.800715] sis190: 0000:00:04.0: Error EEPROM read 0
Aug 30 07:21:02 mingleware kernel: [   13.800718] sis190: 0000:00:04.0: Read MAC address from APC
Aug 30 07:21:02 mingleware kernel: [   13.812020] sis190: 0000:00:04.0: Realtek PHY RTL8201 transceiver at address 1
Aug 30 07:21:02 mingleware kernel: [   13.953409] sis190: 0000:00:04.0: Using transceiver at address 1 as default
Aug 30 07:21:02 mingleware kernel: [   13.961308] sis190 0000:00:04.0: eth0: 0000:00:04.0: SiS 190 PCI Fast Ethernet adapter at deefec00 (IRQ: 19), 00:15:f2:a5:21:d7
Aug 30 07:21:02 mingleware kernel: [   13.961314] sis190 0000:00:04.0: eth0: GMII mode.
Aug 30 07:21:02 mingleware kernel: [   13.961322] sis190 0000:00:04.0: eth0: Enabling Auto-negotiation
Aug 30 07:21:02 mingleware kernel: [   14.657634] parport_pc 00:09: reported by Plug and Play ACPI
Aug 30 07:21:02 mingleware kernel: [   14.657731] parport0: PC-style at 0x378 (0x778), irq 7 [PCSPP,TRISTATE,EPP]
Aug 30 07:21:02 mingleware kernel: [   14.832810] ppdev: user-space parallel port driver
Aug 30 07:21:02 mingleware kernel: [   15.205573] Intel ICH 0000:00:02.7: PCI INT C -> GSI 18 (level, low) -> IRQ 18
Aug 30 07:21:02 mingleware kernel: [   15.625024] intel8x0_measure_ac97_clock: measured 50516 usecs (2430 samples)
Aug 30 07:21:02 mingleware kernel: [   15.625029] intel8x0: clocking to 48000
Aug 30 07:21:02 mingleware kernel: [   18.096673] EXT4-fs (dm-0): re-mounted. Opts: (null)
Aug 30 07:21:02 mingleware kernel: [   18.930866] EXT4-fs (sda1): mounted filesystem with ordered data mode. Opts: (null)
Aug 30 07:21:02 mingleware kernel: [   21.167961] Adding 983036k swap on /dev/mapper/vg_6619924918-lv_swap.  Priority:-1 extents:1 across:983036k 
Aug 30 07:21:02 mingleware kernel: [   23.073117] powernow-k8: Found 1 AMD Sempron(tm) Processor 3100+ (1 cpu cores) (version 2.20.00)
Aug 30 07:21:02 mingleware kernel: [   23.073212] powernow-k8:    0 : fid 0xa (1800 MHz), vid 0x6
Aug 30 07:21:02 mingleware kernel: [   23.073216] powernow-k8:    1 : fid 0x2 (1000 MHz), vid 0x12
Aug 30 07:21:03 mingleware cpuspeed: Enabling ondemand cpu frequency scaling governor
Aug 30 07:21:03 mingleware kernel: [   23.187119] Marking TSC unstable due to cpufreq changes
Aug 30 07:21:03 mingleware kernel: [   23.188816] Switching to clocksource acpi_pm
Aug 30 07:21:04 mingleware dbus: avc:  netlink poll: error 4
Aug 30 07:21:04 mingleware NetworkManager[961]: <info> NetworkManager (version 0.8.1-10.git20100831.fc14) is starting...
Aug 30 07:21:04 mingleware NetworkManager[961]: <info> Read config file /etc/NetworkManager/NetworkManager.conf
Aug 30 07:21:05 mingleware NetworkManager[961]: <info> trying to start the modem manager...
Aug 30 07:21:05 mingleware avahi-daemon[981]: Found user 'avahi' (UID 70) and group 'avahi' (GID 70).
Aug 30 07:21:05 mingleware avahi-daemon[981]: Successfully dropped root privileges.
Aug 30 07:21:05 mingleware avahi-daemon[981]: avahi-daemon 0.6.27 starting up.
Aug 30 07:21:05 mingleware avahi-daemon[981]: WARNING: No NSS support for mDNS detected, consider installing nss-mdns!
Aug 30 07:21:05 mingleware avahi-daemon[981]: Successfully called chroot().
Aug 30 07:21:05 mingleware avahi-daemon[981]: Successfully dropped remaining capabilities.
Aug 30 07:21:05 mingleware avahi-daemon[981]: Loading service file /services/ssh.service.
Aug 30 07:21:05 mingleware avahi-daemon[981]: Loading service file /services/udisks.service.
Aug 30 07:21:05 mingleware avahi-daemon[981]: Network interface enumeration completed.
Aug 30 07:21:05 mingleware avahi-daemon[981]: Registering HINFO record with values 'I686'/'LINUX'.
Aug 30 07:21:05 mingleware avahi-daemon[981]: Server startup complete. Host name is mingleware.local. Local service cookie is 3374446256.
Aug 30 07:21:05 mingleware avahi-daemon[981]: Service "mingleware" (/services/udisks.service) successfully established.
Aug 30 07:21:05 mingleware avahi-daemon[981]: Service "mingleware" (/services/ssh.service) successfully established.
Aug 30 07:21:05 mingleware modem-manager: ModemManager (version 0.4-4.git20100720.fc14) starting...
Aug 30 07:21:05 mingleware modem-manager: Loaded plugin AnyData
Aug 30 07:21:05 mingleware modem-manager: Loaded plugin MotoC
Aug 30 07:21:05 mingleware modem-manager: Loaded plugin Nokia
Aug 30 07:21:05 mingleware modem-manager: Loaded plugin ZTE
Aug 30 07:21:05 mingleware modem-manager: Loaded plugin Sierra
Aug 30 07:21:05 mingleware modem-manager: Loaded plugin Longcheer
Aug 30 07:21:05 mingleware modem-manager: Loaded plugin Ericsson MBM
Aug 30 07:21:05 mingleware modem-manager: Loaded plugin Option High-Speed
Aug 30 07:21:05 mingleware modem-manager: Loaded plugin Option
Aug 30 07:21:05 mingleware modem-manager: Loaded plugin SimTech
Aug 30 07:21:05 mingleware modem-manager: Loaded plugin Novatel
Aug 30 07:21:05 mingleware modem-manager: Loaded plugin Gobi
Aug 30 07:21:05 mingleware modem-manager: Loaded plugin Generic
Aug 30 07:21:05 mingleware modem-manager: Loaded plugin Huawei
Aug 30 07:21:05 mingleware rpc.statd[1002]: Version 1.2.3 starting
Aug 30 07:21:05 mingleware sm-notify[1003]: Version 1.2.3 starting
Aug 30 07:21:06 mingleware polkitd[977]: started daemon version 0.98 using authority implementation `local' version `0.98'
Aug 30 07:21:06 mingleware NetworkManager[961]: <info> monitoring kernel firmware directory '/lib/firmware'.
Aug 30 07:21:06 mingleware rpc.statd[1002]: failed to create RPC listeners, exiting
Aug 30 07:21:06 mingleware NetworkManager[961]:    ifcfg-rh: Acquired D-Bus service com.redhat.ifcfgrh1
Aug 30 07:21:06 mingleware NetworkManager[961]: <info> Loaded plugin ifcfg-rh: (c) 2007 - 2008 Red Hat, Inc.  To report bugs please use the NetworkManager mailing list.
Aug 30 07:21:06 mingleware NetworkManager[961]:    ifcfg-rh: parsing /etc/sysconfig/network-scripts/ifcfg-lo ... 
Aug 30 07:21:06 mingleware NetworkManager[961]:    ifcfg-rh: parsing /etc/sysconfig/network-scripts/ifcfg-eth0 ... 
Aug 30 07:21:06 mingleware NetworkManager[961]:    ifcfg-rh:     read connection 'System eth0'
Aug 30 07:21:06 mingleware NetworkManager[961]: <info> WiFi enabled by radio killswitch; enabled by state file
Aug 30 07:21:06 mingleware NetworkManager[961]: <info> WWAN enabled by radio killswitch; enabled by state file
Aug 30 07:21:06 mingleware NetworkManager[961]: <info> WiMAX enabled by radio killswitch; enabled by state file
Aug 30 07:21:06 mingleware NetworkManager[961]: <info> Networking is enabled by state file
Aug 30 07:21:06 mingleware NetworkManager[961]: <info> Updating /etc/hosts with new system hostname
Aug 30 07:21:06 mingleware NetworkManager[961]: <error> [1314656466.567967] [nm-device-ethernet.c:729] real_update_permanent_hw_address(): (eth0): unable to read permanent MAC address (error 0)
Aug 30 07:21:06 mingleware NetworkManager[961]: <info> (eth0): carrier is OFF
Aug 30 07:21:06 mingleware NetworkManager[961]: <info> (eth0): new Ethernet device (driver: 'sis190' ifindex: 2)
Aug 30 07:21:06 mingleware NetworkManager[961]: <info> (eth0): exported as /org/freedesktop/NetworkManager/Devices/0
Aug 30 07:21:06 mingleware NetworkManager[961]: <info> (eth0): now managed
Aug 30 07:21:06 mingleware NetworkManager[961]: <info> (eth0): device state change: 1 -> 2 (reason 2)
Aug 30 07:21:06 mingleware NetworkManager[961]: <info> (eth0): bringing up device.
Aug 30 07:21:06 mingleware NetworkManager[961]: <info> (eth0): preparing device.
Aug 30 07:21:06 mingleware NetworkManager[961]: <info> (eth0): deactivating device (reason: 2).
Aug 30 07:21:06 mingleware kernel: [   26.707013] sis190 0000:00:04.0: eth0: mii ext = 0000
Aug 30 07:21:06 mingleware NetworkManager[961]: <info> (eth0): carrier now ON (device state 2)
Aug 30 07:21:06 mingleware NetworkManager[961]: <info> (eth0): device state change: 2 -> 3 (reason 40)
Aug 30 07:21:06 mingleware NetworkManager[961]: <info> modem-manager is now available
Aug 30 07:21:06 mingleware kernel: [   26.714017] sis190 0000:00:04.0: eth0: mii lpa=41e1 adv=01e1 exp=0001
Aug 30 07:21:06 mingleware kernel: [   26.714022] sis190 0000:00:04.0: eth0: link on 100 Mbps Full Duplex mode
Aug 30 07:21:06 mingleware NetworkManager[961]: <warn> bluez error getting default adapter: The name org.bluez was not provided by any .service files
Aug 30 07:21:06 mingleware NetworkManager[961]: <info> Trying to start the supplicant...
Aug 30 07:21:06 mingleware NetworkManager[961]: <info> Activation (eth0) starting connection 'System eth0'
Aug 30 07:21:06 mingleware NetworkManager[961]: <info> (eth0): device state change: 3 -> 4 (reason 0)
Aug 30 07:21:06 mingleware NetworkManager[961]: <info> Activation (eth0) Stage 1 of 5 (Device Prepare) scheduled...
Aug 30 07:21:06 mingleware NetworkManager[961]: <info> Activation (eth0) Stage 1 of 5 (Device Prepare) started...
Aug 30 07:21:06 mingleware NetworkManager[961]: <info> Activation (eth0) Stage 2 of 5 (Device Configure) scheduled...
Aug 30 07:21:06 mingleware NetworkManager[961]: <info> Activation (eth0) Stage 1 of 5 (Device Prepare) complete.
Aug 30 07:21:06 mingleware NetworkManager[961]: <info> Activation (eth0) Stage 2 of 5 (Device Configure) starting...
Aug 30 07:21:06 mingleware NetworkManager[961]: <info> (eth0): device state change: 4 -> 5 (reason 0)
Aug 30 07:21:06 mingleware NetworkManager[961]: <info> Activation (eth0) Stage 2 of 5 (Device Configure) successful.
Aug 30 07:21:06 mingleware NetworkManager[961]: <info> Activation (eth0) Stage 3 of 5 (IP Configure Start) scheduled.
Aug 30 07:21:06 mingleware NetworkManager[961]: <info> Activation (eth0) Stage 2 of 5 (Device Configure) complete.
Aug 30 07:21:06 mingleware NetworkManager[961]: <info> Activation (eth0) Stage 3 of 5 (IP Configure Start) started...
Aug 30 07:21:06 mingleware NetworkManager[961]: <info> (eth0): device state change: 5 -> 7 (reason 0)
Aug 30 07:21:06 mingleware NetworkManager[961]: <info> Activation (eth0) Stage 4 of 5 (IP4 Configure Get) scheduled...
Aug 30 07:21:06 mingleware NetworkManager[961]: <info> Activation (eth0) Stage 3 of 5 (IP Configure Start) complete.
Aug 30 07:21:06 mingleware NetworkManager[961]: <info> Activation (eth0) Stage 4 of 5 (IP4 Configure Get) started...
Aug 30 07:21:06 mingleware NetworkManager[961]: <info> Activation (eth0) Stage 5 of 5 (IP Configure Commit) scheduled...
Aug 30 07:21:06 mingleware NetworkManager[961]: <info> Activation (eth0) Stage 4 of 5 (IP4 Configure Get) complete.
Aug 30 07:21:06 mingleware NetworkManager[961]: <info> Activation (eth0) Stage 5 of 5 (IP Configure Commit) started...
Aug 30 07:21:06 mingleware avahi-daemon[981]: Joining mDNS multicast group on interface eth0.IPv4 with address 66.199.249.18.
Aug 30 07:21:06 mingleware avahi-daemon[981]: New relevant interface eth0.IPv4 for mDNS.
Aug 30 07:21:06 mingleware avahi-daemon[981]: Registering new address record for 66.199.249.18 on eth0.IPv4.
Aug 30 07:21:06 mingleware nm-dispatcher.action: nm_dispatcher_action: Invalid connection: '(null)' / 'connection setting not found' invalid: 1
Aug 30 07:21:06 mingleware kernel: [   27.020620] RPC: Registered udp transport module.
Aug 30 07:21:06 mingleware kernel: [   27.020627] RPC: Registered tcp transport module.
Aug 30 07:21:06 mingleware kernel: [   27.020632] RPC: Registered tcp NFSv4.1 backchannel transport module.
Aug 30 07:21:07 mingleware NetworkManager[961]: <info> (eth0): device state change: 7 -> 8 (reason 0)
Aug 30 07:21:07 mingleware NetworkManager[961]: <info> Policy set 'System eth0' (eth0) as default for IPv4 routing and DNS.
Aug 30 07:21:07 mingleware NetworkManager[961]: <info> Updating /etc/hosts with new system hostname
Aug 30 07:21:07 mingleware NetworkManager[961]: <info> Activation (eth0) successful, device activated.
Aug 30 07:21:07 mingleware nm-dispatcher.action: nm_dispatcher_action: Invalid connection: '(null)' / 'connection setting not found' invalid: 1
Aug 30 07:21:07 mingleware NetworkManager[961]: <info> Activation (eth0) Stage 5 of 5 (IP Configure Commit) complete.
Aug 30 07:21:07 mingleware acpid: starting up with netlink and the input layer
Aug 30 07:21:08 mingleware acpid: skipping incomplete file /etc/acpi/events/videoconf
Aug 30 07:21:08 mingleware acpid: 1 rule loaded
Aug 30 07:21:08 mingleware acpid: waiting for events: event logging is off
Aug 30 07:21:08 mingleware pcscd: hotplug_libhal.c:585:HPRegisterForHotplugEvents() Couldn't obtain list of devices
Aug 30 07:21:09 mingleware kernel: [   29.638389] NET: Registered protocol family 10
Aug 30 07:21:09 mingleware kernel: [   29.638794] lo: Disabled Privacy Extensions
Aug 30 07:21:09 mingleware ntpd[1216]: ntpd 4.2.6p3-RC10@1.2239-o Thu Nov 25 16:18:32 UTC 2010 (1)
Aug 30 07:21:09 mingleware ntpd[1219]: proto: precision = 1.397 usec
Aug 30 07:21:09 mingleware ntpd[1219]: 0.0.0.0 c01d 0d kern kernel time sync enabled
Aug 30 07:21:09 mingleware ntpd[1219]: Listen and drop on 0 v4wildcard 0.0.0.0 UDP 123
Aug 30 07:21:09 mingleware ntpd[1219]: Listen and drop on 1 v6wildcard :: UDP 123
Aug 30 07:21:09 mingleware ntpd[1219]: Listen normally on 2 lo 127.0.0.1 UDP 123
Aug 30 07:21:09 mingleware ntpd[1219]: Listen normally on 3 eth0 66.199.249.18 UDP 123
Aug 30 07:21:09 mingleware ntpd[1219]: Listen normally on 4 lo ::1 UDP 123
Aug 30 07:21:09 mingleware ntpd[1219]: Listening on routing socket on fd #21 for interface updates
Aug 30 07:21:11 mingleware ntpd[1219]: 0.0.0.0 c016 06 restart
Aug 30 07:21:11 mingleware ntpd[1219]: 0.0.0.0 c012 02 freq_set kernel 205.212 PPM
Aug 30 07:21:11 mingleware avahi-daemon[981]: Registering new address record for fe80::215:f2ff:fea5:21d7 on eth0.*.
Aug 30 07:21:12 mingleware ntpd[1219]: Listen normally on 5 eth0 fe80::215:f2ff:fea5:21d7 UDP 123
Aug 30 01:51:16 mingleware ntpd[1219]: 0.0.0.0 c61c 0c clock_step -19800.452754 s
Aug 30 01:51:16 mingleware ntpd[1219]: 0.0.0.0 c614 04 freq_mode
Aug 30 01:51:17 mingleware ntpd[1219]: 0.0.0.0 c618 08 no_sys_peer
Aug 30 02:07:03 mingleware ntpd[1219]: 0.0.0.0 c612 02 freq_set kernel 209.762 PPM
Aug 30 02:07:03 mingleware ntpd[1219]: 0.0.0.0 c615 05 clock_sync
Aug 30 23:35:56 mingleware kernel: [78317.024085] ata1.00: exception Emask 0x0 SAct 0x0 SErr 0x0 action 0x6 frozen
Aug 30 23:35:56 mingleware kernel: [78317.024109] ata1.00: failed command: WRITE DMA
Aug 30 23:35:56 mingleware kernel: [78317.024130] ata1.00: cmd ca/00:08:88:a7:3c/00:00:00:00:00/e0 tag 0 dma 4096 out
Aug 30 23:35:56 mingleware kernel: [78317.024133]          res 40/00:00:00:00:00/00:00:00:00:00/00 Emask 0x4 (timeout)
Aug 30 23:35:56 mingleware kernel: [78317.024159] ata1.00: status: { DRDY }
Aug 30 23:36:01 mingleware kernel: [78322.073032] ata1: link is slow to respond, please be patient (ready=0)
Aug 30 23:36:06 mingleware kernel: [78327.071024] ata1: device not ready (errno=-16), forcing hardreset
Aug 30 23:36:06 mingleware kernel: [78327.071036] ata1: soft resetting link
Aug 30 23:36:11 mingleware kernel: [78332.271021] ata1: link is slow to respond, please be patient (ready=0)
Aug 30 23:36:16 mingleware kernel: [78337.116028] ata1: SRST failed (errno=-16)
Aug 30 23:36:16 mingleware kernel: [78337.116050] ata1: soft resetting link
Aug 30 23:36:21 mingleware kernel: [78342.316026] ata1: link is slow to respond, please be patient (ready=0)
Aug 30 23:36:26 mingleware kernel: [78347.161023] ata1: SRST failed (errno=-16)
Aug 30 23:36:26 mingleware kernel: [78347.161045] ata1: soft resetting link
Aug 30 23:36:31 mingleware kernel: [78352.361029] ata1: link is slow to respond, please be patient (ready=0)
Aug 30 23:37:01 mingleware kernel: [78382.196031] ata1: SRST failed (errno=-16)
Aug 30 23:37:01 mingleware kernel: [78382.196055] ata1: soft resetting link
